------------------------------------------------------------
TimeQuest Timing Analyzer Summary
------------------------------------------------------------

Type  : Slow Model Setup 'CLOCK_50'
Slack : -5.398
TNS   : -130.663

Type  : Slow Model Setup 'clock_1s'
Slack : 0.241
TNS   : 0.000

Type  : Slow Model Hold 'CLOCK_50'
Slack : -2.529
TNS   : -2.529

Type  : Slow Model Hold 'clock_1s'
Slack : 0.516
TNS   : 0.000

Type  : Slow Model Minimum Pulse Width 'CLOCK_50'
Slack : -1.380
TNS   : -34.380

Type  : Slow Model Minimum Pulse Width 'clock_1s'
Slack : -0.500
TNS   : -5.000

Type  : Fast Model Setup 'CLOCK_50'
Slack : -1.967
TNS   : -43.582

Type  : Fast Model Setup 'clock_1s'
Slack : 0.617
TNS   : 0.000

Type  : Fast Model Hold 'CLOCK_50'
Slack : -1.574
TNS   : -1.574

Type  : Fast Model Hold 'clock_1s'
Slack : 0.237
TNS   : 0.000

Type  : Fast Model Minimum Pulse Width 'CLOCK_50'
Slack : -1.380
TNS   : -34.380

Type  : Fast Model Minimum Pulse Width 'clock_1s'
Slack : -0.500
TNS   : -5.000

------------------------------------------------------------
