Analysis & Synthesis report for bai4
Thu Oct 13 17:43:35 2022
Quartus II 64-Bit Version 13.0.1 Build 232 06/12/2013 Service Pack 1 SJ Web Edition


---------------------
; Table of Contents ;
---------------------
  1. Legal Notice
  2. Analysis & Synthesis Summary
  3. Analysis & Synthesis Settings
  4. Parallel Compilation
  5. Analysis & Synthesis Source Files Read
  6. Analysis & Synthesis Resource Usage Summary
  7. Analysis & Synthesis Resource Utilization by Entity
  8. General Register Statistics
  9. Port Connectivity Checks: "hex7seg:digit_3"
 10. Port Connectivity Checks: "FA8:comb_37"
 11. Port Connectivity Checks: "multiplier:comb_35|Node1:node12"
 12. Port Connectivity Checks: "multiplier:comb_35|Node1:node8"
 13. Port Connectivity Checks: "multiplier:comb_35|Node1:node4"
 14. Port Connectivity Checks: "multiplier:comb_35|Node1:node3"
 15. Port Connectivity Checks: "multiplier:comb_35|Node1:node2"
 16. Port Connectivity Checks: "multiplier:comb_35|Node1:node1"
 17. Port Connectivity Checks: "multiplier:comb_35|Node1:node0"
 18. Elapsed Time Per Partition
 19. Analysis & Synthesis Messages



----------------
; Legal Notice ;
----------------
Copyright (C) 1991-2013 Altera Corporation
Your use of Altera Corporation's design tools, logic functions 
and other software and tools, and its AMPP partner logic 
functions, and any output files from any of the foregoing 
(including device programming or simulation files), and any 
associated documentation or information are expressly subject 
to the terms and conditions of the Altera Program License 
Subscription Agreement, Altera MegaCore Function License 
Agreement, or other applicable license agreement, including, 
without limitation, that your use is for the sole purpose of 
programming logic devices manufactured by Altera and sold by 
Altera or its authorized distributors.  Please refer to the 
applicable agreement for further details.



+--------------------------------------------------------------------------------------+
; Analysis & Synthesis Summary                                                         ;
+------------------------------------+-------------------------------------------------+
; Analysis & Synthesis Status        ; Successful - Thu Oct 13 17:43:35 2022           ;
; Quartus II 64-Bit Version          ; 13.0.1 Build 232 06/12/2013 SP 1 SJ Web Edition ;
; Revision Name                      ; bai4                                            ;
; Top-level Entity Name              ; bai4                                            ;
; Family                             ; Cyclone II                                      ;
; Total logic elements               ; 91                                              ;
;     Total combinational functions  ; 91                                              ;
;     Dedicated logic registers      ; 0                                               ;
; Total registers                    ; 0                                               ;
; Total pins                         ; 60                                              ;
; Total virtual pins                 ; 0                                               ;
; Total memory bits                  ; 0                                               ;
; Embedded Multiplier 9-bit elements ; 0                                               ;
; Total PLLs                         ; 0                                               ;
+------------------------------------+-------------------------------------------------+


+----------------------------------------------------------------------------------------------------------------------+
; Analysis & Synthesis Settings                                                                                        ;
+----------------------------------------------------------------------------+--------------------+--------------------+
; Option                                                                     ; Setting            ; Default Value      ;
+----------------------------------------------------------------------------+--------------------+--------------------+
; Device                                                                     ; EP2C35F672C6       ;                    ;
; Top-level entity name                                                      ; bai4               ; bai4               ;
; Family name                                                                ; Cyclone II         ; Cyclone IV GX      ;
; Use smart compilation                                                      ; Off                ; Off                ;
; Enable parallel Assembler and TimeQuest Timing Analyzer during compilation ; On                 ; On                 ;
; Enable compact report table                                                ; Off                ; Off                ;
; Restructure Multiplexers                                                   ; Auto               ; Auto               ;
; Create Debugging Nodes for IP Cores                                        ; Off                ; Off                ;
; Preserve fewer node names                                                  ; On                 ; On                 ;
; Disable OpenCore Plus hardware evaluation                                  ; Off                ; Off                ;
; Verilog Version                                                            ; Verilog_2001       ; Verilog_2001       ;
; VHDL Version                                                               ; VHDL_1993          ; VHDL_1993          ;
; State Machine Processing                                                   ; Auto               ; Auto               ;
; Safe State Machine                                                         ; Off                ; Off                ;
; Extract Verilog State Machines                                             ; On                 ; On                 ;
; Extract VHDL State Machines                                                ; On                 ; On                 ;
; Ignore Verilog initial constructs                                          ; Off                ; Off                ;
; Iteration limit for constant Verilog loops                                 ; 5000               ; 5000               ;
; Iteration limit for non-constant Verilog loops                             ; 250                ; 250                ;
; Add Pass-Through Logic to Inferred RAMs                                    ; On                 ; On                 ;
; Infer RAMs from Raw Logic                                                  ; On                 ; On                 ;
; Parallel Synthesis                                                         ; On                 ; On                 ;
; DSP Block Balancing                                                        ; Auto               ; Auto               ;
; NOT Gate Push-Back                                                         ; On                 ; On                 ;
; Power-Up Don't Care                                                        ; On                 ; On                 ;
; Remove Redundant Logic Cells                                               ; Off                ; Off                ;
; Remove Duplicate Registers                                                 ; On                 ; On                 ;
; Ignore CARRY Buffers                                                       ; Off                ; Off                ;
; Ignore CASCADE Buffers                                                     ; Off                ; Off                ;
; Ignore GLOBAL Buffers                                                      ; Off                ; Off                ;
; Ignore ROW GLOBAL Buffers                                                  ; Off                ; Off                ;
; Ignore LCELL Buffers                                                       ; Off                ; Off                ;
; Ignore SOFT Buffers                                                        ; On                 ; On                 ;
; Limit AHDL Integers to 32 Bits                                             ; Off                ; Off                ;
; Optimization Technique                                                     ; Balanced           ; Balanced           ;
; Carry Chain Length                                                         ; 70                 ; 70                 ;
; Auto Carry Chains                                                          ; On                 ; On                 ;
; Auto Open-Drain Pins                                                       ; On                 ; On                 ;
; Perform WYSIWYG Primitive Resynthesis                                      ; Off                ; Off                ;
; Auto ROM Replacement                                                       ; On                 ; On                 ;
; Auto RAM Replacement                                                       ; On                 ; On                 ;
; Auto Shift Register Replacement                                            ; Auto               ; Auto               ;
; Allow Shift Register Merging across Hierarchies                            ; Auto               ; Auto               ;
; Auto Clock Enable Replacement                                              ; On                 ; On                 ;
; Strict RAM Replacement                                                     ; Off                ; Off                ;
; Allow Synchronous Control Signals                                          ; On                 ; On                 ;
; Force Use of Synchronous Clear Signals                                     ; Off                ; Off                ;
; Auto RAM to Logic Cell Conversion                                          ; Off                ; Off                ;
; Auto Resource Sharing                                                      ; Off                ; Off                ;
; Allow Any RAM Size For Recognition                                         ; Off                ; Off                ;
; Allow Any ROM Size For Recognition                                         ; Off                ; Off                ;
; Allow Any Shift Register Size For Recognition                              ; Off                ; Off                ;
; Use LogicLock Constraints during Resource Balancing                        ; On                 ; On                 ;
; Ignore translate_off and synthesis_off directives                          ; Off                ; Off                ;
; Timing-Driven Synthesis                                                    ; Off                ; Off                ;
; Report Parameter Settings                                                  ; On                 ; On                 ;
; Report Source Assignments                                                  ; On                 ; On                 ;
; Report Connectivity Checks                                                 ; On                 ; On                 ;
; Ignore Maximum Fan-Out Assignments                                         ; Off                ; Off                ;
; Synchronization Register Chain Length                                      ; 2                  ; 2                  ;
; PowerPlay Power Optimization                                               ; Normal compilation ; Normal compilation ;
; HDL message level                                                          ; Level2             ; Level2             ;
; Suppress Register Optimization Related Messages                            ; Off                ; Off                ;
; Number of Removed Registers Reported in Synthesis Report                   ; 5000               ; 5000               ;
; Number of Swept Nodes Reported in Synthesis Report                         ; 5000               ; 5000               ;
; Number of Inverted Registers Reported in Synthesis Report                  ; 100                ; 100                ;
; Clock MUX Protection                                                       ; On                 ; On                 ;
; Auto Gated Clock Conversion                                                ; Off                ; Off                ;
; Block Design Naming                                                        ; Auto               ; Auto               ;
; SDC constraint protection                                                  ; Off                ; Off                ;
; Synthesis Effort                                                           ; Auto               ; Auto               ;
; Shift Register Replacement - Allow Asynchronous Clear Signal               ; On                 ; On                 ;
; Pre-Mapping Resynthesis Optimization                                       ; Off                ; Off                ;
; Analysis & Synthesis Message Level                                         ; Medium             ; Medium             ;
; Disable Register Merging Across Hierarchies                                ; Auto               ; Auto               ;
; Resource Aware Inference For Block RAM                                     ; On                 ; On                 ;
; Synthesis Seed                                                             ; 1                  ; 1                  ;
+----------------------------------------------------------------------------+--------------------+--------------------+


Parallel compilation was disabled, but you have multiple processors available. Enable parallel compilation to reduce compilation time.
+-------------------------------------+
; Parallel Compilation                ;
+----------------------------+--------+
; Processors                 ; Number ;
+----------------------------+--------+
; Number detected on machine ; 4      ;
; Maximum allowed            ; 1      ;
+----------------------------+--------+


+----------------------------------------------------------------------------------------------------------------------------------------------+
; Analysis & Synthesis Source Files Read                                                                                                       ;
+----------------------------------+-----------------+------------------------+------------------------------------------------------+---------+
; File Name with User-Entered Path ; Used in Netlist ; File Type              ; File Name with Absolute Path                         ; Library ;
+----------------------------------+-----------------+------------------------+------------------------------------------------------+---------+
; bai4.v                           ; yes             ; User Verilog HDL File  ; C:/Users/Student/Desktop/th-hdl/10102022/bai4/bai4.v ;         ;
+----------------------------------+-----------------+------------------------+------------------------------------------------------+---------+


+-----------------------------------------------------+
; Analysis & Synthesis Resource Usage Summary         ;
+---------------------------------------------+-------+
; Resource                                    ; Usage ;
+---------------------------------------------+-------+
; Estimated Total logic elements              ; 91    ;
;                                             ;       ;
; Total combinational functions               ; 91    ;
; Logic element usage by number of LUT inputs ;       ;
;     -- 4 input functions                    ; 63    ;
;     -- 3 input functions                    ; 11    ;
;     -- <=2 input functions                  ; 17    ;
;                                             ;       ;
; Logic elements by mode                      ;       ;
;     -- normal mode                          ; 91    ;
;     -- arithmetic mode                      ; 0     ;
;                                             ;       ;
; Total registers                             ; 0     ;
;     -- Dedicated logic registers            ; 0     ;
;     -- I/O registers                        ; 0     ;
;                                             ;       ;
; I/O pins                                    ; 60    ;
; Embedded Multiplier 9-bit elements          ; 0     ;
; Maximum fan-out node                        ; SW[8] ;
; Maximum fan-out                             ; 10    ;
; Total fan-out                               ; 346   ;
; Average fan-out                             ; 2.29  ;
+---------------------------------------------+-------+


+-------------------------------------------------------------------------------------------------------------------------------------------------------------------------------------------------------+
; Analysis & Synthesis Resource Utilization by Entity                                                                                                                                                   ;
+----------------------------+-------------------+--------------+-------------+--------------+---------+-----------+------+--------------+-----------------------------------------------+--------------+
; Compilation Hierarchy Node ; LC Combinationals ; LC Registers ; Memory Bits ; DSP Elements ; DSP 9x9 ; DSP 18x18 ; Pins ; Virtual Pins ; Full Hierarchy Name                           ; Library Name ;
+----------------------------+-------------------+--------------+-------------+--------------+---------+-----------+------+--------------+-----------------------------------------------+--------------+
; |bai4                      ; 91 (0)            ; 0 (0)        ; 0           ; 0            ; 0       ; 0         ; 60   ; 0            ; |bai4                                         ; work         ;
;    |FA8:comb_37|           ; 15 (0)            ; 0 (0)        ; 0           ; 0            ; 0       ; 0         ; 0    ; 0            ; |bai4|FA8:comb_37                             ; work         ;
;       |FA1:a1|             ; 1 (1)             ; 0 (0)        ; 0           ; 0            ; 0       ; 0         ; 0    ; 0            ; |bai4|FA8:comb_37|FA1:a1                      ; work         ;
;       |FA1:a2|             ; 2 (2)             ; 0 (0)        ; 0           ; 0            ; 0       ; 0         ; 0    ; 0            ; |bai4|FA8:comb_37|FA1:a2                      ; work         ;
;       |FA1:a3|             ; 2 (2)             ; 0 (0)        ; 0           ; 0            ; 0       ; 0         ; 0    ; 0            ; |bai4|FA8:comb_37|FA1:a3                      ; work         ;
;       |FA1:a4|             ; 2 (2)             ; 0 (0)        ; 0           ; 0            ; 0       ; 0         ; 0    ; 0            ; |bai4|FA8:comb_37|FA1:a4                      ; work         ;
;       |FA1:a5|             ; 2 (2)             ; 0 (0)        ; 0           ; 0            ; 0       ; 0         ; 0    ; 0            ; |bai4|FA8:comb_37|FA1:a5                      ; work         ;
;       |FA1:a6|             ; 2 (2)             ; 0 (0)        ; 0           ; 0            ; 0       ; 0         ; 0    ; 0            ; |bai4|FA8:comb_37|FA1:a6                      ; work         ;
;       |FA1:a7|             ; 2 (2)             ; 0 (0)        ; 0           ; 0            ; 0       ; 0         ; 0    ; 0            ; |bai4|FA8:comb_37|FA1:a7                      ; work         ;
;       |FA1:a8|             ; 2 (2)             ; 0 (0)        ; 0           ; 0            ; 0       ; 0         ; 0    ; 0            ; |bai4|FA8:comb_37|FA1:a8                      ; work         ;
;    |hex7seg:digit_0|       ; 7 (7)             ; 0 (0)        ; 0           ; 0            ; 0       ; 0         ; 0    ; 0            ; |bai4|hex7seg:digit_0                         ; work         ;
;    |hex7seg:digit_1|       ; 7 (7)             ; 0 (0)        ; 0           ; 0            ; 0       ; 0         ; 0    ; 0            ; |bai4|hex7seg:digit_1                         ; work         ;
;    |multiplier:comb_35|    ; 30 (0)            ; 0 (0)        ; 0           ; 0            ; 0       ; 0         ; 0    ; 0            ; |bai4|multiplier:comb_35                      ; work         ;
;       |Node1:node0|        ; 1 (1)             ; 0 (0)        ; 0           ; 0            ; 0       ; 0         ; 0    ; 0            ; |bai4|multiplier:comb_35|Node1:node0          ; work         ;
;       |Node1:node10|       ; 2 (0)             ; 0 (0)        ; 0           ; 0            ; 0       ; 0         ; 0    ; 0            ; |bai4|multiplier:comb_35|Node1:node10         ; work         ;
;          |FA1:fa1|         ; 2 (2)             ; 0 (0)        ; 0           ; 0            ; 0       ; 0         ; 0    ; 0            ; |bai4|multiplier:comb_35|Node1:node10|FA1:fa1 ; work         ;
;       |Node1:node11|       ; 2 (0)             ; 0 (0)        ; 0           ; 0            ; 0       ; 0         ; 0    ; 0            ; |bai4|multiplier:comb_35|Node1:node11         ; work         ;
;          |FA1:fa1|         ; 2 (2)             ; 0 (0)        ; 0           ; 0            ; 0       ; 0         ; 0    ; 0            ; |bai4|multiplier:comb_35|Node1:node11|FA1:fa1 ; work         ;
;       |Node1:node12|       ; 2 (1)             ; 0 (0)        ; 0           ; 0            ; 0       ; 0         ; 0    ; 0            ; |bai4|multiplier:comb_35|Node1:node12         ; work         ;
;          |FA1:fa1|         ; 1 (1)             ; 0 (0)        ; 0           ; 0            ; 0       ; 0         ; 0    ; 0            ; |bai4|multiplier:comb_35|Node1:node12|FA1:fa1 ; work         ;
;       |Node1:node13|       ; 4 (1)             ; 0 (0)        ; 0           ; 0            ; 0       ; 0         ; 0    ; 0            ; |bai4|multiplier:comb_35|Node1:node13         ; work         ;
;          |FA1:fa1|         ; 3 (3)             ; 0 (0)        ; 0           ; 0            ; 0       ; 0         ; 0    ; 0            ; |bai4|multiplier:comb_35|Node1:node13|FA1:fa1 ; work         ;
;       |Node1:node14|       ; 3 (0)             ; 0 (0)        ; 0           ; 0            ; 0       ; 0         ; 0    ; 0            ; |bai4|multiplier:comb_35|Node1:node14         ; work         ;
;          |FA1:fa1|         ; 3 (3)             ; 0 (0)        ; 0           ; 0            ; 0       ; 0         ; 0    ; 0            ; |bai4|multiplier:comb_35|Node1:node14|FA1:fa1 ; work         ;
;       |Node1:node15|       ; 2 (0)             ; 0 (0)        ; 0           ; 0            ; 0       ; 0         ; 0    ; 0            ; |bai4|multiplier:comb_35|Node1:node15         ; work         ;
;          |FA1:fa1|         ; 2 (2)             ; 0 (0)        ; 0           ; 0            ; 0       ; 0         ; 0    ; 0            ; |bai4|multiplier:comb_35|Node1:node15|FA1:fa1 ; work         ;
;       |Node1:node3|        ; 1 (1)             ; 0 (0)        ; 0           ; 0            ; 0       ; 0         ; 0    ; 0            ; |bai4|multiplier:comb_35|Node1:node3          ; work         ;
;       |Node1:node4|        ; 1 (0)             ; 0 (0)        ; 0           ; 0            ; 0       ; 0         ; 0    ; 0            ; |bai4|multiplier:comb_35|Node1:node4          ; work         ;
;          |FA1:fa1|         ; 1 (1)             ; 0 (0)        ; 0           ; 0            ; 0       ; 0         ; 0    ; 0            ; |bai4|multiplier:comb_35|Node1:node4|FA1:fa1  ; work         ;
;       |Node1:node5|        ; 4 (0)             ; 0 (0)        ; 0           ; 0            ; 0       ; 0         ; 0    ; 0            ; |bai4|multiplier:comb_35|Node1:node5          ; work         ;
;          |FA1:fa1|         ; 4 (4)             ; 0 (0)        ; 0           ; 0            ; 0       ; 0         ; 0    ; 0            ; |bai4|multiplier:comb_35|Node1:node5|FA1:fa1  ; work         ;
;       |Node1:node6|        ; 2 (0)             ; 0 (0)        ; 0           ; 0            ; 0       ; 0         ; 0    ; 0            ; |bai4|multiplier:comb_35|Node1:node6          ; work         ;
;          |FA1:fa1|         ; 2 (2)             ; 0 (0)        ; 0           ; 0            ; 0       ; 0         ; 0    ; 0            ; |bai4|multiplier:comb_35|Node1:node6|FA1:fa1  ; work         ;
;       |Node1:node7|        ; 2 (0)             ; 0 (0)        ; 0           ; 0            ; 0       ; 0         ; 0    ; 0            ; |bai4|multiplier:comb_35|Node1:node7          ; work         ;
;          |FA1:fa1|         ; 2 (2)             ; 0 (0)        ; 0           ; 0            ; 0       ; 0         ; 0    ; 0            ; |bai4|multiplier:comb_35|Node1:node7|FA1:fa1  ; work         ;
;       |Node1:node8|        ; 1 (1)             ; 0 (0)        ; 0           ; 0            ; 0       ; 0         ; 0    ; 0            ; |bai4|multiplier:comb_35|Node1:node8          ; work         ;
;       |Node1:node9|        ; 3 (1)             ; 0 (0)        ; 0           ; 0            ; 0       ; 0         ; 0    ; 0            ; |bai4|multiplier:comb_35|Node1:node9          ; work         ;
;          |FA1:fa1|         ; 2 (2)             ; 0 (0)        ; 0           ; 0            ; 0       ; 0         ; 0    ; 0            ; |bai4|multiplier:comb_35|Node1:node9|FA1:fa1  ; work         ;
;    |multiplier:comb_36|    ; 32 (0)            ; 0 (0)        ; 0           ; 0            ; 0       ; 0         ; 0    ; 0            ; |bai4|multiplier:comb_36                      ; work         ;
;       |Node1:node0|        ; 1 (1)             ; 0 (0)        ; 0           ; 0            ; 0       ; 0         ; 0    ; 0            ; |bai4|multiplier:comb_36|Node1:node0          ; work         ;
;       |Node1:node10|       ; 2 (0)             ; 0 (0)        ; 0           ; 0            ; 0       ; 0         ; 0    ; 0            ; |bai4|multiplier:comb_36|Node1:node10         ; work         ;
;          |FA1:fa1|         ; 2 (2)             ; 0 (0)        ; 0           ; 0            ; 0       ; 0         ; 0    ; 0            ; |bai4|multiplier:comb_36|Node1:node10|FA1:fa1 ; work         ;
;       |Node1:node11|       ; 2 (0)             ; 0 (0)        ; 0           ; 0            ; 0       ; 0         ; 0    ; 0            ; |bai4|multiplier:comb_36|Node1:node11         ; work         ;
;          |FA1:fa1|         ; 2 (2)             ; 0 (0)        ; 0           ; 0            ; 0       ; 0         ; 0    ; 0            ; |bai4|multiplier:comb_36|Node1:node11|FA1:fa1 ; work         ;
;       |Node1:node12|       ; 2 (1)             ; 0 (0)        ; 0           ; 0            ; 0       ; 0         ; 0    ; 0            ; |bai4|multiplier:comb_36|Node1:node12         ; work         ;
;          |FA1:fa1|         ; 1 (1)             ; 0 (0)        ; 0           ; 0            ; 0       ; 0         ; 0    ; 0            ; |bai4|multiplier:comb_36|Node1:node12|FA1:fa1 ; work         ;
;       |Node1:node13|       ; 3 (1)             ; 0 (0)        ; 0           ; 0            ; 0       ; 0         ; 0    ; 0            ; |bai4|multiplier:comb_36|Node1:node13         ; work         ;
;          |FA1:fa1|         ; 2 (2)             ; 0 (0)        ; 0           ; 0            ; 0       ; 0         ; 0    ; 0            ; |bai4|multiplier:comb_36|Node1:node13|FA1:fa1 ; work         ;
;       |Node1:node14|       ; 2 (0)             ; 0 (0)        ; 0           ; 0            ; 0       ; 0         ; 0    ; 0            ; |bai4|multiplier:comb_36|Node1:node14         ; work         ;
;          |FA1:fa1|         ; 2 (2)             ; 0 (0)        ; 0           ; 0            ; 0       ; 0         ; 0    ; 0            ; |bai4|multiplier:comb_36|Node1:node14|FA1:fa1 ; work         ;
;       |Node1:node15|       ; 2 (0)             ; 0 (0)        ; 0           ; 0            ; 0       ; 0         ; 0    ; 0            ; |bai4|multiplier:comb_36|Node1:node15         ; work         ;
;          |FA1:fa1|         ; 2 (2)             ; 0 (0)        ; 0           ; 0            ; 0       ; 0         ; 0    ; 0            ; |bai4|multiplier:comb_36|Node1:node15|FA1:fa1 ; work         ;
;       |Node1:node2|        ; 1 (1)             ; 0 (0)        ; 0           ; 0            ; 0       ; 0         ; 0    ; 0            ; |bai4|multiplier:comb_36|Node1:node2          ; work         ;
;       |Node1:node3|        ; 1 (1)             ; 0 (0)        ; 0           ; 0            ; 0       ; 0         ; 0    ; 0            ; |bai4|multiplier:comb_36|Node1:node3          ; work         ;
;       |Node1:node4|        ; 1 (0)             ; 0 (0)        ; 0           ; 0            ; 0       ; 0         ; 0    ; 0            ; |bai4|multiplier:comb_36|Node1:node4          ; work         ;
;          |FA1:fa1|         ; 1 (1)             ; 0 (0)        ; 0           ; 0            ; 0       ; 0         ; 0    ; 0            ; |bai4|multiplier:comb_36|Node1:node4|FA1:fa1  ; work         ;
;       |Node1:node5|        ; 3 (0)             ; 0 (0)        ; 0           ; 0            ; 0       ; 0         ; 0    ; 0            ; |bai4|multiplier:comb_36|Node1:node5          ; work         ;
;          |FA1:fa1|         ; 3 (3)             ; 0 (0)        ; 0           ; 0            ; 0       ; 0         ; 0    ; 0            ; |bai4|multiplier:comb_36|Node1:node5|FA1:fa1  ; work         ;
;       |Node1:node6|        ; 2 (0)             ; 0 (0)        ; 0           ; 0            ; 0       ; 0         ; 0    ; 0            ; |bai4|multiplier:comb_36|Node1:node6          ; work         ;
;          |FA1:fa1|         ; 2 (2)             ; 0 (0)        ; 0           ; 0            ; 0       ; 0         ; 0    ; 0            ; |bai4|multiplier:comb_36|Node1:node6|FA1:fa1  ; work         ;
;       |Node1:node7|        ; 2 (0)             ; 0 (0)        ; 0           ; 0            ; 0       ; 0         ; 0    ; 0            ; |bai4|multiplier:comb_36|Node1:node7          ; work         ;
;          |FA1:fa1|         ; 2 (2)             ; 0 (0)        ; 0           ; 0            ; 0       ; 0         ; 0    ; 0            ; |bai4|multiplier:comb_36|Node1:node7|FA1:fa1  ; work         ;
;       |Node1:node8|        ; 2 (1)             ; 0 (0)        ; 0           ; 0            ; 0       ; 0         ; 0    ; 0            ; |bai4|multiplier:comb_36|Node1:node8          ; work         ;
;          |FA1:fa1|         ; 1 (1)             ; 0 (0)        ; 0           ; 0            ; 0       ; 0         ; 0    ; 0            ; |bai4|multiplier:comb_36|Node1:node8|FA1:fa1  ; work         ;
;       |Node1:node9|        ; 6 (1)             ; 0 (0)        ; 0           ; 0            ; 0       ; 0         ; 0    ; 0            ; |bai4|multiplier:comb_36|Node1:node9          ; work         ;
;          |FA1:fa1|         ; 5 (5)             ; 0 (0)        ; 0           ; 0            ; 0       ; 0         ; 0    ; 0            ; |bai4|multiplier:comb_36|Node1:node9|FA1:fa1  ; work         ;
+----------------------------+-------------------+--------------+-------------+--------------+---------+-----------+------+--------------+-----------------------------------------------+--------------+
Note: For table entries with two numbers listed, the numbers in parentheses indicate the number of resources of the given type used by the specific entity alone. The numbers listed outside of parentheses indicate the total resources of the given type used by the specific entity and all of its sub-entities in the hierarchy.


+------------------------------------------------------+
; General Register Statistics                          ;
+----------------------------------------------+-------+
; Statistic                                    ; Value ;
+----------------------------------------------+-------+
; Total registers                              ; 0     ;
; Number of registers using Synchronous Clear  ; 0     ;
; Number of registers using Synchronous Load   ; 0     ;
; Number of registers using Asynchronous Clear ; 0     ;
; Number of registers using Asynchronous Load  ; 0     ;
; Number of registers using Clock Enable       ; 0     ;
; Number of registers using Preset             ; 0     ;
+----------------------------------------------+-------+


+---------------------------------------------+
; Port Connectivity Checks: "hex7seg:digit_3" ;
+------+-------+----------+-------------------+
; Port ; Type  ; Severity ; Details           ;
+------+-------+----------+-------------------+
; hex  ; Input ; Info     ; Stuck at GND      ;
+------+-------+----------+-------------------+


+--------------------------------------------------------------------------------------------------------------------------------------------------------------------------------------------------+
; Port Connectivity Checks: "FA8:comb_37"                                                                                                                                                          ;
+------+--------+----------+-----------------------------------------------------------------------------------------------------------------------------------------------------------------------+
; Port ; Type   ; Severity ; Details                                                                                                                                                               ;
+------+--------+----------+-----------------------------------------------------------------------------------------------------------------------------------------------------------------------+
; cin  ; Input  ; Info     ; Stuck at GND                                                                                                                                                          ;
; cout ; Output ; Warning  ; Output or bidir port (1 bits) is smaller than the port expression (8 bits) it drives.  The 7 most-significant bit(s) in the port expression will be connected to GND. ;
+------+--------+----------+-----------------------------------------------------------------------------------------------------------------------------------------------------------------------+


+------------------------------------------------------------------------------------------------------------------------------------------------------------------------------------------------------------------+
; Port Connectivity Checks: "multiplier:comb_35|Node1:node12"                                                                                                                                                      ;
+----------+-------+----------+------------------------------------------------------------------------------------------------------------------------------------------------------------------------------------+
; Port     ; Type  ; Severity ; Details                                                                                                                                                                            ;
+----------+-------+----------+------------------------------------------------------------------------------------------------------------------------------------------------------------------------------------+
; HCin     ; Input ; Warning  ; Input port expression (32 bits) is wider than the input port (1 bits) it drives.  The 31 most-significant bit(s) in the expression will be dangling if they have no other fanouts. ;
; HCin[-1] ; Input ; Info     ; Stuck at GND                                                                                                                                                                       ;
+----------+-------+----------+------------------------------------------------------------------------------------------------------------------------------------------------------------------------------------+


+------------------------------------------------------------------------------------------------------------------------------------------------------------------------------------------------------------------+
; Port Connectivity Checks: "multiplier:comb_35|Node1:node8"                                                                                                                                                       ;
+----------+-------+----------+------------------------------------------------------------------------------------------------------------------------------------------------------------------------------------+
; Port     ; Type  ; Severity ; Details                                                                                                                                                                            ;
+----------+-------+----------+------------------------------------------------------------------------------------------------------------------------------------------------------------------------------------+
; HCin     ; Input ; Warning  ; Input port expression (32 bits) is wider than the input port (1 bits) it drives.  The 31 most-significant bit(s) in the expression will be dangling if they have no other fanouts. ;
; HCin[-1] ; Input ; Info     ; Stuck at GND                                                                                                                                                                       ;
+----------+-------+----------+------------------------------------------------------------------------------------------------------------------------------------------------------------------------------------+


+------------------------------------------------------------------------------------------------------------------------------------------------------------------------------------------------------------------+
; Port Connectivity Checks: "multiplier:comb_35|Node1:node4"                                                                                                                                                       ;
+----------+-------+----------+------------------------------------------------------------------------------------------------------------------------------------------------------------------------------------+
; Port     ; Type  ; Severity ; Details                                                                                                                                                                            ;
+----------+-------+----------+------------------------------------------------------------------------------------------------------------------------------------------------------------------------------------+
; HCin     ; Input ; Warning  ; Input port expression (32 bits) is wider than the input port (1 bits) it drives.  The 31 most-significant bit(s) in the expression will be dangling if they have no other fanouts. ;
; HCin[-1] ; Input ; Info     ; Stuck at GND                                                                                                                                                                       ;
+----------+-------+----------+------------------------------------------------------------------------------------------------------------------------------------------------------------------------------------+


+------------------------------------------------------------------------------------------------------------------------------------------------------------------------------------------------------------------+
; Port Connectivity Checks: "multiplier:comb_35|Node1:node3"                                                                                                                                                       ;
+----------+-------+----------+------------------------------------------------------------------------------------------------------------------------------------------------------------------------------------+
; Port     ; Type  ; Severity ; Details                                                                                                                                                                            ;
+----------+-------+----------+------------------------------------------------------------------------------------------------------------------------------------------------------------------------------------+
; VCin     ; Input ; Warning  ; Input port expression (32 bits) is wider than the input port (1 bits) it drives.  The 31 most-significant bit(s) in the expression will be dangling if they have no other fanouts. ;
; VCin[-1] ; Input ; Info     ; Stuck at GND                                                                                                                                                                       ;
+----------+-------+----------+------------------------------------------------------------------------------------------------------------------------------------------------------------------------------------+


+------------------------------------------------------------------------------------------------------------------------------------------------------------------------------------------------------------------+
; Port Connectivity Checks: "multiplier:comb_35|Node1:node2"                                                                                                                                                       ;
+----------+-------+----------+------------------------------------------------------------------------------------------------------------------------------------------------------------------------------------+
; Port     ; Type  ; Severity ; Details                                                                                                                                                                            ;
+----------+-------+----------+------------------------------------------------------------------------------------------------------------------------------------------------------------------------------------+
; VCin     ; Input ; Warning  ; Input port expression (32 bits) is wider than the input port (1 bits) it drives.  The 31 most-significant bit(s) in the expression will be dangling if they have no other fanouts. ;
; VCin[-1] ; Input ; Info     ; Stuck at GND                                                                                                                                                                       ;
+----------+-------+----------+------------------------------------------------------------------------------------------------------------------------------------------------------------------------------------+


+------------------------------------------------------------------------------------------------------------------------------------------------------------------------------------------------------------------+
; Port Connectivity Checks: "multiplier:comb_35|Node1:node1"                                                                                                                                                       ;
+----------+-------+----------+------------------------------------------------------------------------------------------------------------------------------------------------------------------------------------+
; Port     ; Type  ; Severity ; Details                                                                                                                                                                            ;
+----------+-------+----------+------------------------------------------------------------------------------------------------------------------------------------------------------------------------------------+
; VCin     ; Input ; Warning  ; Input port expression (32 bits) is wider than the input port (1 bits) it drives.  The 31 most-significant bit(s) in the expression will be dangling if they have no other fanouts. ;
; VCin[-1] ; Input ; Info     ; Stuck at GND                                                                                                                                                                       ;
+----------+-------+----------+------------------------------------------------------------------------------------------------------------------------------------------------------------------------------------+


+------------------------------------------------------------------------------------------------------------------------------------------------------------------------------------------------------------------+
; Port Connectivity Checks: "multiplier:comb_35|Node1:node0"                                                                                                                                                       ;
+----------+-------+----------+------------------------------------------------------------------------------------------------------------------------------------------------------------------------------------+
; Port     ; Type  ; Severity ; Details                                                                                                                                                                            ;
+----------+-------+----------+------------------------------------------------------------------------------------------------------------------------------------------------------------------------------------+
; HCin     ; Input ; Warning  ; Input port expression (32 bits) is wider than the input port (1 bits) it drives.  The 31 most-significant bit(s) in the expression will be dangling if they have no other fanouts. ;
; HCin[-1] ; Input ; Info     ; Stuck at GND                                                                                                                                                                       ;
; VCin     ; Input ; Warning  ; Input port expression (32 bits) is wider than the input port (1 bits) it drives.  The 31 most-significant bit(s) in the expression will be dangling if they have no other fanouts. ;
; VCin[-1] ; Input ; Info     ; Stuck at GND                                                                                                                                                                       ;
+----------+-------+----------+------------------------------------------------------------------------------------------------------------------------------------------------------------------------------------+


+-------------------------------+
; Elapsed Time Per Partition    ;
+----------------+--------------+
; Partition Name ; Elapsed Time ;
+----------------+--------------+
; Top            ; 00:00:00     ;
+----------------+--------------+


+-------------------------------+
; Analysis & Synthesis Messages ;
+-------------------------------+
Info: *******************************************************************
Info: Running Quartus II 64-Bit Analysis & Synthesis
    Info: Version 13.0.1 Build 232 06/12/2013 Service Pack 1 SJ Web Edition
    Info: Processing started: Thu Oct 13 17:43:33 2022
Info: Command: quartus_map --read_settings_files=on --write_settings_files=off bai4 -c bai4
Warning (20028): Parallel compilation is not licensed and has been disabled
Info (12021): Found 6 design units, including 6 entities, in source file bai4.v
    Info (12023): Found entity 1: bai4
    Info (12023): Found entity 2: FA1
    Info (12023): Found entity 3: FA8
    Info (12023): Found entity 4: Node1
    Info (12023): Found entity 5: multiplier
    Info (12023): Found entity 6: hex7seg
Critical Warning (10846): Verilog HDL Instantiation warning at bai4.v(18): instance has no name
Critical Warning (10846): Verilog HDL Instantiation warning at bai4.v(19): instance has no name
Critical Warning (10846): Verilog HDL Instantiation warning at bai4.v(20): instance has no name
Info (12127): Elaborating entity "bai4" for the top level hierarchy
Warning (10230): Verilog HDL assignment warning at bai4.v(15): truncated value with size 17 to match size of target (16)
Info (12128): Elaborating entity "multiplier" for hierarchy "multiplier:comb_35"
Info (12128): Elaborating entity "Node1" for hierarchy "multiplier:comb_35|Node1:node0"
Info (12128): Elaborating entity "FA1" for hierarchy "multiplier:comb_35|Node1:node0|FA1:fa1"
Info (12128): Elaborating entity "FA8" for hierarchy "FA8:comb_37"
Info (12128): Elaborating entity "hex7seg" for hierarchy "hex7seg:digit_3"
Warning (12011): Net is missing source, defaulting to GND
    Warning (12110): Net "s[11]" is missing source, defaulting to GND
    Warning (12110): Net "s[10]" is missing source, defaulting to GND
    Warning (12110): Net "s[9]" is missing source, defaulting to GND
Warning (12020): Port "ordered port 4" on the entity instantiation of "node12" is connected to a signal of width 32. The formal width of the signal in the module is 1.  The extra bits will be ignored.
Warning (12020): Port "ordered port 4" on the entity instantiation of "node8" is connected to a signal of width 32. The formal width of the signal in the module is 1.  The extra bits will be ignored.
Warning (12020): Port "ordered port 4" on the entity instantiation of "node4" is connected to a signal of width 32. The formal width of the signal in the module is 1.  The extra bits will be ignored.
Warning (12020): Port "ordered port 5" on the entity instantiation of "node3" is connected to a signal of width 32. The formal width of the signal in the module is 1.  The extra bits will be ignored.
Warning (12020): Port "ordered port 5" on the entity instantiation of "node2" is connected to a signal of width 32. The formal width of the signal in the module is 1.  The extra bits will be ignored.
Warning (12020): Port "ordered port 5" on the entity instantiation of "node1" is connected to a signal of width 32. The formal width of the signal in the module is 1.  The extra bits will be ignored.
Warning (12020): Port "ordered port 4" on the entity instantiation of "node0" is connected to a signal of width 32. The formal width of the signal in the module is 1.  The extra bits will be ignored.
Warning (12020): Port "ordered port 5" on the entity instantiation of "node0" is connected to a signal of width 32. The formal width of the signal in the module is 1.  The extra bits will be ignored.
Warning (12011): Net is missing source, defaulting to GND
    Warning (12110): Net "s[11]" is missing source, defaulting to GND
    Warning (12110): Net "s[10]" is missing source, defaulting to GND
    Warning (12110): Net "s[9]" is missing source, defaulting to GND
Warning (12011): Net is missing source, defaulting to GND
    Warning (12110): Net "s[11]" is missing source, defaulting to GND
    Warning (12110): Net "s[10]" is missing source, defaulting to GND
    Warning (12110): Net "s[9]" is missing source, defaulting to GND
Warning (12241): 8 hierarchies have connectivity warnings - see the Connectivity Checks report folder
Warning (13024): Output pins are stuck at VCC or GND
    Warning (13410): Pin "LEDR[9]" is stuck at GND
    Warning (13410): Pin "LEDR[10]" is stuck at GND
    Warning (13410): Pin "LEDR[11]" is stuck at GND
    Warning (13410): Pin "LEDR[12]" is stuck at GND
    Warning (13410): Pin "LEDR[13]" is stuck at GND
    Warning (13410): Pin "LEDR[14]" is stuck at GND
    Warning (13410): Pin "LEDR[15]" is stuck at GND
    Warning (13410): Pin "HEX2[6]" is stuck at VCC
    Warning (13410): Pin "HEX2[2]" is stuck at GND
    Warning (13410): Pin "HEX2[1]" is stuck at GND
    Warning (13410): Pin "HEX3[6]" is stuck at VCC
    Warning (13410): Pin "HEX3[5]" is stuck at GND
    Warning (13410): Pin "HEX3[4]" is stuck at GND
    Warning (13410): Pin "HEX3[3]" is stuck at GND
    Warning (13410): Pin "HEX3[2]" is stuck at GND
    Warning (13410): Pin "HEX3[1]" is stuck at GND
    Warning (13410): Pin "HEX3[0]" is stuck at GND
Info (16010): Generating hard_block partition "hard_block:auto_generated_inst"
    Info (16011): Adding 0 node(s), including 0 DDIO, 0 PLL, 0 transceiver and 0 LCELL
Info (21057): Implemented 151 device resources after synthesis - the final resource count might be different
    Info (21058): Implemented 16 input pins
    Info (21059): Implemented 44 output pins
    Info (21061): Implemented 91 logic cells
Info: Quartus II 64-Bit Analysis & Synthesis was successful. 0 errors, 44 warnings
    Info: Peak virtual memory: 4618 megabytes
    Info: Processing ended: Thu Oct 13 17:43:35 2022
    Info: Elapsed time: 00:00:02
    Info: Total CPU time (on all processors): 00:00:01


